2026-08-28 02:31:14,516 INFO Broadcast Launcher Starting...
2026-08-28 02:31:14,516 INFO Attempting to launch %s, app['name]
2026-08-28 02:32:32,037 INFO Broadcast Launcher Starting...
2026-08-28 02:32:32,038 INFO Attempting to launch %s, app['name]
2026-08-28 02:32:32,041 INFO Chrome lauched successfuly
2026-08-28 02:32:32,041 INFO Attempting to launch %s, app['name]
2026-08-28 02:32:32,041 ERROR Notepad failed to lauch
2026-08-28 02:40:59,987 INFO Broadcast Launcher Starting...
2026-08-28 02:40:59,987 INFO Attempting to launch Chrome
2026-08-28 02:40:59,990 INFO Chrome lauched successfuly
2026-08-28 02:40:59,991 INFO Attempting to launch Notepad
2026-08-28 02:40:59,991 ERROR Notepad failed to lauch
2026-08-28 03:09:51,719 INFO Broadcast Launcher Starting...
2026-08-28 03:09:51,719 INFO Attempting to launch Chrome
2026-08-28 03:09:51,722 INFO Chrome lauched successfuly
2026-08-28 03:09:51,722 INFO Attempting to launch Notepad
2026-08-28 03:09:51,723 ERROR Notepad failed to lauch
2026-08-28 03:11:08,333 INFO Broadcast Launcher Starting...
2026-08-28 03:11:08,334 INFO Attempting to launch Chrome
2026-08-28 03:11:08,337 INFO Chrome lauched successfuly
2026-08-28 03:11:08,337 INFO Attempting to launch Notepad
2026-08-28 03:11:08,337 ERROR Notepad failed to lauch
2026-08-28 03:19:42,472 INFO Broadcast Launcher Starting...
2026-08-28 03:19:42,473 INFO Attempting to launch Chrome
2026-08-28 03:19:42,476 INFO Chrome lauched successfuly
2026-08-28 03:19:43,476 INFO Attempting to launch Notepad
2026-08-28 03:19:43,477 ERROR Notepad failed to lauch
2026-08-28 03:24:10,680 INFO Broadcast Launcher Starting...
2026-08-28 03:24:10,680 INFO Attempting to launch Chrome
2026-08-28 03:24:10,683 INFO Chrome lauched successfuly
2026-08-28 03:24:11,684 INFO Attempting to launch Notepad
2026-08-28 03:24:11,685 ERROR Notepad failed to lauch
2026-08-28 03:38:09,485 INFO Broadcast Launcher Starting...
2026-08-28 03:38:09,485 INFO Attempting to launch Chrome
2026-08-28 03:38:09,488 INFO Chrome lauched successfuly
2026-08-28 03:38:10,489 INFO Attempting to launch Notepad
2026-08-28 03:38:10,489 ERROR Notepad failed to lauch
2026-08-28 03:41:20,158 INFO Broadcast Launcher Starting...
2026-08-28 03:41:20,159 INFO Attempting to launch Chrome
2026-08-28 03:41:20,162 INFO Chrome lauched successfuly
2026-08-28 03:41:21,163 INFO Attempting to launch vMix
2026-08-28 03:41:21,166 INFO vMix lauched successfuly
2026-08-28 03:41:31,167 INFO Attempting to launch PTZ Control
2026-08-28 03:41:31,167 ERROR PTZ Control failed to lauch
2026-08-28 03:41:34,168 INFO Attempting to launch Notepad
2026-08-28 03:41:34,168 ERROR Notepad failed to lauch
2026-08-29 20:56:37,614 INFO Broadcast Launcher Starting...
2026-08-29 20:56:37,615 INFO Attempting to launch Chrome
2026-08-29 20:56:37,618 INFO Chrome lauched successfuly
2026-08-29 20:56:38,619 INFO Attempting to launch Zoom
2026-08-29 20:56:38,622 INFO Zoom lauched successfuly
2026-08-29 20:56:43,623 INFO Attempting to launch Terminal
2026-08-29 20:56:43,633 INFO Terminal lauched successfuly
2026-08-29 20:56:46,634 INFO Attempting to launch Notepad
2026-08-29 20:56:46,634 ERROR Notepad failed to lauch
2026-08-29 21:03:46,072 INFO Broadcast Launcher Starting...
2026-08-29 21:03:46,073 INFO Attempting to launch Chrome
2026-08-29 21:03:46,075 INFO Chrome lauched successfuly
2026-08-29 21:03:47,076 INFO Attempting to launch Zoom
2026-08-29 21:03:47,080 INFO Zoom lauched successfuly
2026-08-29 21:03:52,081 INFO Attempting to launch Terminal
2026-08-29 21:03:52,091 INFO Terminal lauched successfuly
2026-08-29 21:03:55,091 INFO Attempting to launch Notepad
2026-08-29 21:03:55,091 ERROR Notepad failed to lauch
2026-08-29 21:33:57,067 INFO Broadcast Launcher Starting...
2026-08-29 21:33:57,074 INFO Attempting to launch Chrome
2026-08-29 21:33:57,077 INFO Chrome lauched successfuly
2026-08-29 21:33:58,078 INFO Attempting to launch Zoom
2026-08-29 21:33:58,081 INFO Zoom lauched successfuly
2026-08-29 21:34:03,082 INFO Attempting to launch Terminal
2026-08-29 21:34:03,091 INFO Terminal lauched successfuly
2026-08-29 21:34:06,092 INFO Attempting to launch Notepad
2026-08-29 21:34:06,092 ERROR Notepad failed to lauch
2026-08-29 21:48:51,557 INFO Broadcast Launcher Starting...
2026-08-29 21:48:51,557 INFO Attempting to launch Chrome
2026-08-29 21:48:51,560 INFO Chrome lauched successfuly
2026-08-29 21:48:52,561 INFO Attempting to launch Zoom
2026-08-29 21:48:52,565 INFO Zoom lauched successfuly
2026-08-29 21:48:57,565 INFO Attempting to launch Terminal
2026-08-29 21:48:57,571 INFO Terminal lauched successfuly
2026-08-29 21:49:00,572 INFO Attempting to launch Notepad
2026-08-29 21:49:00,613 INFO Notepad lauched successfuly
2026-08-29 21:54:01,106 INFO Broadcast Launcher Starting...
2026-08-29 21:54:01,107 INFO Attempting to launch Chrome
2026-08-29 21:54:01,109 INFO Chrome lauched successfuly
2026-08-29 21:54:02,110 INFO Attempting to launch Zoom
2026-08-29 21:54:02,117 INFO Zoom lauched successfuly
2026-08-29 21:54:07,117 INFO Attempting to launch Terminal
2026-08-29 21:54:07,126 INFO Terminal lauched successfuly
2026-08-29 21:54:10,127 INFO Attempting to launch Notepad
2026-08-29 21:54:10,166 INFO Notepad lauched successfuly
2026-08-29 22:02:41,500 INFO Broadcast Launcher Starting...
2026-08-29 22:02:41,501 INFO Attempting to launch Chrome
2026-08-29 22:02:41,503 INFO Chrome lauched successfuly
2026-08-29 22:02:42,504 INFO Attempting to launch Zoom
2026-08-29 22:02:42,508 INFO Zoom lauched successfuly
2026-08-29 22:02:47,509 INFO Attempting to launch Calculator
2026-08-29 22:02:47,518 INFO Calculator lauched successfuly
2026-08-29 22:02:50,519 INFO Attempting to launch Notepad
2026-08-29 22:02:50,556 INFO Notepad lauched successfuly
2026-09-09 21:15:20,443 INFO Broadcast Launcher Starting...
2026-09-09 21:15:20,444 INFO Attempting to launch Chrome
2026-09-09 21:17:19,652 INFO Broadcast Launcher Starting...
2026-09-09 21:17:19,652 INFO Attempting to launch Chrome
2026-09-09 21:17:54,344 INFO Broadcast Launcher Starting...
2026-09-09 21:17:54,345 INFO Attempting to launch Chrome
2026-09-09 21:33:05,673 INFO Broadcast Launcher Starting...
2026-09-09 21:33:05,674 INFO Attempting to launch Chrome
2026-09-09 22:20:13,709 INFO Broadcast Launcher Starting...
2026-09-09 22:20:13,709 INFO Attempting to launch Chrome
2026-09-09 22:31:33,351 INFO Broadcast Launcher Starting...
2026-09-09 22:31:33,351 INFO Attempting to launch Chrome
2026-09-09 22:31:33,359 INFO Chrome launched successfully
2026-09-09 22:31:34,360 INFO Attempting to launch Zoom
2026-09-09 22:31:34,364 INFO Zoom launched successfully
2026-09-09 22:31:39,365 INFO Attempting to launch Calculator
2026-09-09 22:31:39,382 INFO Calculator launched successfully
2026-09-09 22:31:42,382 INFO Attempting to launch Notepad
2026-09-09 22:31:42,430 INFO Notepad launched successfully
2026-09-09 22:37:38,977 INFO Broadcast Launcher Starting...
2026-09-09 22:37:38,977 INFO Attempting to launch Chrome
2026-09-09 22:37:38,985 INFO Chrome launched successfully
2026-09-09 22:37:39,986 INFO Attempting to launch Zoom
2026-09-09 22:37:39,988 INFO Zoom launched successfully
2026-09-09 22:37:44,988 INFO Attempting to launch Calculator
2026-09-09 22:37:45,003 INFO Calculator launched successfully
2026-09-09 22:37:48,003 INFO Attempting to launch Notepad
2026-09-09 22:37:48,039 INFO Notepad launched successfully
2026-09-09 22:42:42,559 INFO Broadcast Launcher Starting...
2026-09-09 22:42:42,560 INFO Attempting to launch Chrome
2026-09-09 22:42:42,567 INFO Chrome launched successfully
2026-09-09 22:42:43,568 INFO Attempting to launch Zoom
2026-09-09 22:42:43,569 INFO Zoom launched successfully
2026-09-09 22:42:48,570 INFO Attempting to launch Calculator
2026-09-09 22:42:48,581 INFO Calculator launched successfully
2026-09-09 22:42:51,582 INFO Attempting to launch Notepad
2026-09-09 22:42:51,614 INFO Notepad launched successfully
2026-09-09 22:44:08,437 INFO Broadcast Launcher Starting...
2026-09-09 22:44:08,437 INFO Attempting to launch Chrome
2026-09-09 22:44:08,445 INFO Chrome launched successfully
2026-09-09 22:44:09,446 INFO Attempting to launch Zoom
2026-09-09 22:44:09,447 INFO Zoom launched successfully
2026-09-09 22:44:14,447 INFO Attempting to launch Calculator
2026-09-09 22:44:14,461 INFO Calculator launched successfully
2026-09-09 22:44:17,462 INFO Attempting to launch Notepad
2026-09-09 22:44:17,503 INFO Notepad launched successfully
2026-09-09 23:07:50,299 INFO Broadcast Launcher Starting...
2026-09-09 23:07:50,299 INFO Attempting to launch Chrome
2026-09-09 23:07:50,306 INFO Chrome launched successfully
2026-09-09 23:07:51,307 INFO Attempting to launch Zoom
2026-09-09 23:07:51,308 INFO Zoom launched successfully
2026-09-09 23:07:56,308 INFO Attempting to launch Calculator
2026-09-09 23:07:56,321 INFO Calculator launched successfully
2026-09-09 23:07:59,322 INFO Attempting to launch Notepad
2026-09-09 23:07:59,350 INFO Notepad launched successfully
2026-09-11 00:28:49,121 INFO Broadcast Launcher Starting...
2026-09-11 00:28:49,126 INFO Attempting to launch Chrome
2026-09-11 00:28:49,130 INFO Chrome launched successfully
2026-09-11 00:28:50,130 INFO Attempting to launch Zoom
2026-09-11 00:28:50,138 INFO Zoom launched successfully
2026-09-11 00:28:55,139 INFO Attempting to launch Calculator
2026-09-11 00:28:55,145 INFO Calculator launched successfully
2026-09-11 00:28:58,148 INFO Attempting to launch Notepad
2026-09-11 00:28:58,179 INFO Notepad launched successfully
2026-09-11 00:29:44,744 INFO Broadcast Launcher Starting...
2026-09-11 00:29:44,749 INFO Attempting to launch Chrome
2026-09-11 00:29:44,752 INFO Chrome launched successfully
2026-09-11 00:29:45,753 INFO Attempting to launch Zoom
2026-09-11 00:29:45,754 INFO Zoom launched successfully
2026-09-11 00:29:50,755 INFO Attempting to launch Calculator
2026-09-11 00:29:50,768 INFO Calculator launched successfully
2026-09-11 00:29:53,774 INFO Attempting to launch Notepad
2026-09-11 00:29:53,800 INFO Notepad launched successfully
2026-09-11 00:32:30,837 INFO Broadcast Launcher Starting...
2026-09-11 00:32:30,842 INFO Attempting to launch Chrome
2026-09-11 00:32:30,845 INFO Chrome launched successfully
2026-09-11 00:32:31,847 INFO Attempting to launch Zoom
2026-09-11 00:34:55,541 INFO Broadcast Launcher Starting...
2026-09-11 00:34:55,547 INFO Attempting to launch Chrome
2026-09-11 00:36:11,241 INFO Broadcast Launcher Starting...
2026-09-11 00:36:11,246 INFO Attempting to launch Chrome
2026-09-11 00:36:11,250 INFO Chrome launched successfully
2026-09-11 00:36:12,251 INFO Attempting to launch Zoom
2026-09-11 00:38:41,135 INFO Broadcast Launcher Starting...
2026-09-11 00:38:41,138 INFO Chrome is already running or window is open
2026-09-11 00:38:41,139 INFO Attempting to launch Zoom
2026-09-11 00:43:11,157 INFO Broadcast Launcher Starting...
2026-09-11 00:43:11,160 INFO Chrome is already running or window is open
2026-09-11 00:43:11,160 INFO Attempting to launch Zoom
2026-09-11 01:09:30,598 INFO Broadcast Launcher Starting...
2026-09-11 01:09:30,603 INFO Attempting to launch Chrome
2026-09-11 01:09:30,606 INFO Chrome launched successfully
2026-09-11 01:09:31,607 INFO Attempting to launch Zoom
2026-09-11 01:09:31,611 INFO Zoom launched successfully
2026-09-11 01:09:36,615 INFO Calculator is already running or window is open
2026-09-11 01:09:36,622 INFO Attempting to launch Notepad
2026-09-11 01:09:36,647 INFO Notepad launched successfully
2026-09-11 01:10:18,980 INFO Broadcast Launcher Starting...
2026-09-11 01:10:18,985 INFO Attempting to launch Chrome
2026-09-11 01:10:18,988 INFO Chrome launched successfully
2026-09-11 01:10:19,989 INFO Attempting to launch Zoom
2026-09-11 01:10:19,995 INFO Zoom launched successfully
2026-09-11 01:10:24,998 INFO Calculator is already running or window is open
2026-09-11 01:10:25,002 INFO Attempting to launch Notepad
2026-09-11 01:10:25,026 INFO Notepad launched successfully
2026-09-11 01:26:54,048 INFO Broadcast Launcher Starting...
2026-09-11 01:26:54,053 INFO Attempting to launch Chrome
2026-09-11 01:26:54,057 INFO Chrome launched successfully
2026-09-11 01:26:55,058 INFO Zoom is already running or window is open
2026-09-11 01:26:55,058 INFO Attempting to launch Calculator
2026-09-11 01:26:55,066 INFO Calculator launched successfully
2026-09-11 01:26:58,073 INFO Notepad is already running or window is open
2026-09-11 03:51:38,929 INFO Broadcast Launcher Starting...
2026-09-11 03:51:38,935 INFO Attempting to launch Chrome
2026-09-11 03:51:38,937 INFO Chrome launched successfully
2026-09-11 03:51:39,938 INFO Attempting to launch Zoom
2026-09-11 03:51:39,946 INFO Zoom launched successfully
2026-09-11 03:51:44,947 INFO Attempting to launch Calculator
2026-09-11 03:51:44,954 INFO Calculator launched successfully
2026-09-11 03:51:47,956 INFO Attempting to launch Notepad
2026-09-11 03:51:47,984 INFO Notepad launched successfully
2026-09-11 03:52:16,548 INFO Broadcast Launcher Starting...
2026-09-11 03:52:16,551 INFO Chrome is already running or window is open
2026-09-11 03:52:16,552 INFO Attempting to launch Zoom
2026-09-11 03:52:16,555 INFO Zoom launched successfully
2026-09-11 03:52:21,556 INFO Calculator is already running or window is open
2026-09-11 03:52:21,560 INFO Attempting to launch Notepad
2026-09-11 03:52:21,582 INFO Notepad launched successfully
2026-09-11 04:02:36,401 INFO Broadcast Launcher Starting...
2026-09-11 04:02:36,406 INFO Attempting to launch Chrome
2026-09-11 04:02:36,409 INFO Chrome launched successfully
2026-09-11 04:02:37,410 INFO Attempting to launch Zoom
2026-09-11 04:02:37,417 INFO Zoom launched successfully
2026-09-11 04:02:42,419 INFO Attempting to launch Calculator
2026-09-11 04:02:42,430 INFO Calculator launched successfully
2026-09-11 04:02:45,433 INFO Attempting to launch Notepad
2026-09-11 04:02:45,458 INFO Notepad launched successfully
2026-09-11 04:49:12,491 INFO Broadcast Launcher Starting...
2026-09-11 04:49:12,495 INFO Attempting to launch Chrome
2026-09-11 04:49:12,500 INFO Chrome launched successfully
2026-09-11 04:49:13,501 INFO Attempting to launch Zoom
2026-09-11 04:49:13,506 INFO Zoom launched successfully
2026-09-11 04:49:18,507 INFO Attempting to launch Calculator
2026-09-11 04:49:18,516 INFO Calculator launched successfully
2026-09-11 04:49:21,522 INFO Attempting to launch Notepad
2026-09-11 04:49:21,547 INFO Notepad launched successfully
2026-09-12 08:36:04,510 INFO Broadcast Launcher Starting...
2026-09-12 08:36:04,518 INFO Attempting to launch Chrome
2026-09-12 08:36:04,523 INFO Chrome launched successfully
2026-09-12 08:36:05,524 INFO Attempting to launch Zoom
2026-09-12 08:36:05,530 INFO Zoom launched successfully
2026-09-12 08:36:10,531 INFO Attempting to launch Calculator
2026-09-12 08:36:10,537 INFO Calculator launched successfully
2026-09-12 08:36:13,539 INFO Attempting to launch Notepad
2026-09-12 08:36:13,593 INFO Notepad launched successfully
2026-09-12 09:36:49,584 INFO Broadcast Launcher Starting...
2026-09-12 09:36:49,592 INFO Chrome is already running or window is open
2026-09-12 09:36:49,593 INFO Zoom is already running or window is open
2026-09-12 09:36:49,593 INFO Attempting to launch Calculator
2026-09-12 09:36:49,599 INFO Calculator launched successfully
2026-09-12 09:36:52,601 INFO Attempting to launch Notepad
2026-09-12 09:36:52,646 INFO Notepad launched successfully
2026-09-12 19:31:44,607 INFO Broadcast Launcher Starting...
2026-09-12 19:31:44,615 INFO Attempting to launch Chrome
2026-09-12 19:31:44,623 INFO Chrome launched successfully
2026-09-12 19:31:45,624 INFO Attempting to launch Zoom
2026-09-12 19:31:45,631 INFO Zoom launched successfully
2026-09-12 19:31:50,631 INFO Attempting to launch Calculator
2026-09-12 19:31:50,638 INFO Calculator launched successfully
2026-09-12 19:31:53,641 INFO Attempting to launch Notepad
2026-09-12 19:31:53,688 INFO Notepad launched successfully
2026-09-12 21:57:55,298 INFO Broadcast Launcher Starting...
2026-09-12 21:57:55,307 INFO Attempting to launch Chrome
2026-09-12 21:57:55,310 INFO Chrome launched successfully
2026-09-12 21:57:56,311 INFO Attempting to launch Zoom
2026-09-12 21:57:56,315 INFO Zoom launched successfully
2026-09-12 21:58:01,318 INFO Attempting to launch Calculator
2026-09-12 21:58:01,328 INFO Calculator launched successfully
2026-09-12 21:58:04,333 INFO Notepad is already running or window is open
2026-09-15 12:20:34,498 INFO Broadcast Launcher Starting...
2026-09-15 12:20:34,508 INFO Attempting to launch Chrome
2026-09-15 12:20:34,510 INFO Chrome launched successfully
2026-09-15 12:20:35,512 INFO Attempting to launch Zoom
2026-09-15 12:20:35,517 INFO Zoom launched successfully
2026-09-15 12:20:40,519 INFO Attempting to launch Calculator
2026-09-15 12:20:40,537 INFO Calculator launched successfully
2026-09-15 12:20:43,543 INFO Attempting to launch Notepad
2026-09-15 12:20:43,580 INFO Notepad launched successfully
2026-09-15 12:40:49,989 INFO Broadcast Launcher Starting...
2026-09-15 12:40:49,990 INFO Chrome is already running or window is open
2026-09-15 12:40:49,991 INFO Attempting to launch Zoom
2026-09-15 12:40:49,995 INFO Zoom launched successfully
2026-09-15 12:40:54,996 INFO Attempting to launch Vmix
2026-09-15 12:40:54,998 ERROR Vmix failed to launch
2026-09-15 12:40:58,006 INFO Attempting to launch Notepad
2026-09-15 12:40:58,031 INFO Notepad launched successfully
2026-09-15 12:59:04,788 INFO Broadcast Launcher Starting...
2026-09-15 12:59:04,790 INFO Chrome is already running or window is open
2026-09-15 12:59:04,790 INFO Attempting to launch Zoom
2026-09-15 12:59:04,794 INFO Zoom launched successfully
2026-09-15 12:59:09,795 INFO Attempting to launch Vmix
2026-09-15 12:59:09,795 ERROR Vmix failed to launch
2026-09-15 12:59:12,805 INFO Notepad is already running or window is open
2026-09-15 15:07:26,872 INFO Broadcast Launcher Starting...
2026-09-15 15:07:51,580 INFO Broadcast Launcher Starting...
2026-09-15 15:11:45,351 INFO Broadcast Launcher Starting...
2026-09-15 15:13:06,163 INFO Broadcast Launcher Starting...
2026-09-15 15:14:24,686 INFO Broadcast Launcher Starting...
2026-09-15 15:21:43,734 INFO Broadcast Launcher Starting...
2026-09-15 15:23:23,206 INFO Broadcast Launcher Starting...
2026-09-15 15:23:23,207 INFO waking Center Camera
2026-09-15 15:24:03,325 INFO Center Camera is ready
2026-09-15 15:24:03,326 INFO waking Right Camera
2026-09-15 15:24:43,425 INFO Right Camera is ready
2026-09-15 15:24:43,425 INFO waking Left Camera
2026-09-15 15:25:22,070 INFO Left Camera is ready
2026-09-15 15:25:22,074 INFO Chrome is already running or window is open
2026-09-15 15:25:22,077 INFO Zoom is already running or window is open
2026-09-15 15:25:22,077 INFO Attempting to launch Vmix
2026-09-15 15:25:22,168 INFO Vmix launched successfully
2026-09-15 15:25:25,173 INFO Notepad is already running or window is open
2026-09-15 15:44:42,223 INFO Broadcast Launcher Starting...
2026-09-15 15:44:42,224 INFO waking Center Camera
2026-09-15 15:45:22,334 INFO Center Camera is ready
2026-09-15 15:45:22,335 INFO waking Right Camera
2026-09-15 15:46:02,438 INFO Right Camera is ready
2026-09-15 15:46:02,439 INFO waking Left Camera
2026-09-15 15:46:41,108 INFO Left Camera is ready
2026-09-15 15:46:41,114 INFO Chrome is already running or window is open
2026-09-15 15:46:41,206 INFO Zoom is already running or window is open
2026-09-15 15:46:41,207 INFO Attempting to launch Vmix
2026-09-15 15:46:41,215 ERROR Vmix failed to launch
2026-09-15 16:25:04,057 INFO Broadcast Launcher Starting...
2026-09-15 16:25:04,057 INFO waking Center Camera
2026-09-15 16:25:41,177 INFO Center Camera is ready
2026-09-15 16:25:41,177 INFO waking Right Camera
2026-09-15 16:26:21,280 INFO Right Camera is ready
2026-09-15 16:26:21,280 INFO waking Left Camera
2026-09-15 16:27:03,389 ERROR Left Camera failed to wake
2026-09-15 16:27:03,395 INFO Chrome is already running or window is open
2026-09-15 16:27:03,396 INFO Attempting to launch Zoom
2026-09-15 16:27:03,400 INFO Zoom launched successfully
2026-09-15 16:27:08,401 INFO Attempting to launch Vmix
2026-09-15 16:27:08,401 ERROR Vmix failed to launch
2026-09-15 16:33:05,132 INFO Broadcast Launcher Starting...
2026-09-15 16:33:05,133 INFO waking Center Camera
2026-09-15 16:33:05,140 INFO Center Camera is ready
2026-09-15 16:33:05,140 INFO waking Right Camera
2026-09-15 16:33:05,145 INFO Right Camera is ready
2026-09-15 16:33:05,145 INFO waking Left Camera
2026-09-15 16:33:05,152 INFO Left Camera is ready
2026-09-15 16:33:05,153 INFO Chrome is already running or window is open
2026-09-15 16:33:05,154 INFO Zoom is already running or window is open
2026-09-15 16:33:05,154 INFO Attempting to launch Vmix
2026-09-15 16:33:05,155 ERROR Vmix failed to launch
2026-09-15 16:58:03,737 INFO Broadcast Launcher Starting...
2026-09-15 16:58:03,737 INFO waking Center Camera
2026-09-15 16:58:03,743 INFO Center Camera is ready
2026-09-15 16:58:03,743 INFO waking Right Camera
2026-09-15 16:58:03,752 INFO Right Camera is ready
2026-09-15 16:58:03,752 INFO waking Left Camera
2026-09-15 16:58:03,755 INFO Left Camera is ready
2026-09-15 16:58:03,756 INFO Chrome is already running or window is open
2026-09-15 16:58:03,756 INFO Zoom is already running or window is open
2026-09-15 16:58:03,757 INFO Attempting to launch Vmix
2026-09-15 17:04:16,705 INFO Broadcast Launcher Starting...
2026-09-15 17:04:16,705 INFO waking Center Camera
2026-09-15 17:04:16,708 INFO Center Camera is ready
2026-09-15 17:04:16,708 INFO waking Right Camera
2026-09-15 17:04:16,711 INFO Right Camera is ready
2026-09-15 17:04:16,711 INFO waking Left Camera
2026-09-15 17:04:16,712 INFO Left Camera is ready
2026-09-15 17:04:16,714 INFO Chrome is already running or window is open
2026-09-15 17:04:16,714 INFO Zoom is already running or window is open
2026-09-15 17:04:16,715 INFO Attempting to launch Vmix
2026-09-15 17:04:16,715 ERROR Vmix failed to launch
2026-09-15 17:17:04,006 INFO Broadcast Launcher Starting...
2026-09-15 17:17:04,006 INFO waking Center Camera
2026-09-15 17:17:04,008 INFO Center Camera is ready
2026-09-15 17:17:04,008 INFO waking Right Camera
2026-09-15 17:17:04,012 INFO Right Camera is ready
2026-09-15 17:17:04,012 INFO waking Left Camera
2026-09-15 17:17:04,018 INFO Left Camera is ready
2026-09-15 17:17:04,020 INFO Chrome is already running or window is open
2026-09-15 17:17:04,020 INFO Zoom is already running or window is open
2026-09-15 17:17:04,021 INFO Attempting to launch Vmix
2026-09-15 17:17:04,021 ERROR Vmix failed to launch
2026-09-15 17:18:07,121 INFO Broadcast Launcher Starting...
2026-09-15 17:18:07,122 INFO waking Center Camera
2026-09-15 17:18:07,126 INFO Center Camera is ready
2026-09-15 17:18:07,126 INFO waking Right Camera
2026-09-15 17:18:07,136 INFO Right Camera is ready
2026-09-15 17:18:07,136 INFO waking Left Camera
2026-09-15 17:18:07,144 INFO Left Camera is ready
2026-09-15 17:18:07,145 INFO Chrome is already running or window is open
2026-09-15 17:18:07,146 INFO Zoom is already running or window is open
2026-09-15 17:18:07,146 INFO Attempting to launch Vmix
2026-09-15 17:18:07,146 ERROR Vmix failed to launch
2026-09-15 17:19:49,537 INFO Broadcast Launcher Starting...
2026-09-15 17:19:49,537 INFO waking Center Camera
2026-09-15 17:19:49,548 INFO Center Camera is ready
2026-09-15 17:19:49,548 INFO waking Right Camera
2026-09-15 17:19:49,552 INFO Right Camera is ready
2026-09-15 17:19:49,552 INFO waking Left Camera
2026-09-15 17:19:49,559 INFO Left Camera is ready
2026-09-15 17:19:49,560 INFO Chrome is already running or window is open
2026-09-15 17:19:49,561 INFO Zoom is already running or window is open
2026-09-15 17:19:49,561 INFO Attempting to launch Vmix
2026-09-15 17:19:49,565 INFO Vmix launched successfully
2026-09-15 17:21:25,102 INFO Broadcast Launcher Starting...
2026-09-15 17:21:25,102 INFO waking Center Camera
2026-09-15 17:21:25,107 INFO Center Camera is ready
2026-09-15 17:21:25,107 INFO waking Right Camera
2026-09-15 17:21:25,109 INFO Right Camera is ready
2026-09-15 17:21:25,109 INFO waking Left Camera
2026-09-15 17:21:25,118 INFO Left Camera is ready
2026-09-15 17:21:25,119 INFO Chrome is already running or window is open
2026-09-15 17:21:25,120 INFO Attempting to launch Zoom
2026-09-15 17:21:25,124 INFO Zoom launched successfully
2026-09-15 17:21:30,125 INFO Attempting to launch Vmix
2026-09-15 17:21:30,131 INFO Vmix launched successfully
2026-09-15 17:23:10,694 INFO Broadcast Launcher Starting...
2026-09-15 17:23:10,694 INFO waking Center Camera
2026-09-15 17:23:10,696 INFO Center Camera is ready
2026-09-15 17:23:10,696 INFO waking Right Camera
2026-09-15 17:23:10,704 INFO Right Camera is ready
2026-09-15 17:23:10,704 INFO waking Left Camera
2026-09-15 17:23:10,715 INFO Left Camera is ready
2026-09-15 17:23:10,716 INFO Chrome is already running or window is open
2026-09-15 17:23:10,717 INFO Zoom is already running or window is open
2026-09-15 17:23:10,717 INFO Attempting to launch Vmix
2026-09-15 17:23:10,720 INFO Vmix launched successfully
2026-09-15 17:24:41,370 INFO Broadcast Launcher Starting...
2026-09-15 17:24:41,370 INFO waking Center Camera
2026-09-15 17:24:41,373 INFO Center Camera is ready
2026-09-15 17:24:41,373 INFO waking Right Camera
2026-09-15 17:24:41,375 INFO Right Camera is ready
2026-09-15 17:24:41,375 INFO waking Left Camera
2026-09-15 17:24:41,380 INFO Left Camera is ready
2026-09-15 17:24:41,381 INFO Chrome is already running or window is open
2026-09-15 17:24:41,382 INFO Zoom is already running or window is open
2026-09-15 17:24:41,382 INFO Attempting to launch Vmix
2026-09-15 17:24:41,385 INFO Vmix launched successfully
2026-09-16 05:01:51,188 INFO Broadcast Launcher Starting...
2026-09-16 05:01:51,194 INFO waking Center Camera
2026-09-16 05:01:51,207 INFO Center Camera is ready
2026-09-16 05:01:51,208 INFO waking Right Camera
2026-09-16 05:01:51,215 INFO Right Camera is ready
2026-09-16 05:01:51,215 INFO waking Left Camera
2026-09-16 05:01:51,223 INFO Left Camera is ready
2026-09-16 05:01:51,225 INFO Chrome is already running or window is open
2026-09-16 05:01:51,225 INFO Attempting to launch Zoom
2026-09-16 05:01:51,231 INFO Zoom launched successfully
2026-09-16 05:01:56,232 INFO Attempting to launch Vmix
2026-09-16 05:01:56,338 INFO Vmix launched successfully
2026-09-19 09:17:41,699 INFO Broadcast Launcher Starting...
2026-09-19 09:17:41,705 INFO waking Center Camera
2026-09-19 09:17:41,709 INFO Center Camera is ready
2026-09-19 09:17:41,709 INFO waking Right Camera
2026-09-19 09:17:41,716 INFO Right Camera is ready
2026-09-19 09:17:41,716 INFO waking Left Camera
2026-09-19 09:17:41,720 INFO Left Camera is ready
2026-09-19 09:17:41,722 INFO Chrome is already running or window is open
2026-09-19 09:17:41,723 INFO Zoom is already running or window is open
2026-09-19 09:17:41,723 INFO Attempting to launch Vmix
2026-09-19 09:17:41,819 INFO Vmix launched successfully
2026-09-20 18:20:26,618 INFO Broadcast Launcher Starting...
2026-09-20 18:23:41,313 INFO Broadcast Launcher Starting...
2026-09-20 18:25:04,636 INFO Broadcast Launcher Starting...
2026-09-20 19:10:22,113 INFO Broadcast Launcher Starting...
2026-09-20 19:11:58,156 INFO Broadcast Launcher Starting...
2026-09-20 19:13:12,521 INFO Broadcast Launcher Starting...
2026-09-20 19:13:12,529 INFO waking Right Camera
2026-09-20 19:13:12,529 INFO Right Camera is ready
2026-09-20 19:13:12,529 INFO waking Center Camera
2026-09-20 19:13:12,529 INFO Center Camera is ready
2026-09-20 19:13:12,532 INFO waking Left Camera
2026-09-20 19:13:12,532 INFO Left Camera is ready
2026-09-20 19:13:12,532 INFO Chrome is already running or window is open
2026-09-20 19:13:12,533 INFO Attempting to launch Zoom
2026-09-20 19:13:12,537 INFO Zoom launched successfully
2026-09-20 19:13:17,539 INFO Attempting to launch Vmix
2026-09-20 19:13:17,647 INFO Vmix launched successfully
2026-09-21 00:34:33,029 INFO Broadcast Launcher Starting...
2026-09-21 00:34:33,036 INFO waking Right Camera
2026-09-21 00:34:33,036 INFO Right Camera is ready
2026-09-21 00:34:33,046 INFO waking Center Camera
2026-09-21 00:34:33,046 INFO Center Camera is ready
2026-09-21 00:34:33,046 INFO waking Left Camera
2026-09-21 00:34:33,046 INFO Left Camera is ready
2026-09-21 00:34:33,047 INFO Chrome is already running or window is open
2026-09-21 00:34:33,048 INFO Attempting to launch Zoom
2026-09-21 00:35:43,597 INFO Broadcast Launcher Starting...
2026-09-21 00:35:43,601 INFO waking Center Camera
2026-09-21 00:35:43,601 INFO Center Camera is ready
2026-09-21 00:35:43,606 INFO waking Right Camera
2026-09-21 00:35:43,607 INFO Right Camera is ready
2026-09-21 00:35:43,609 INFO waking Left Camera
2026-09-21 00:35:43,609 INFO Left Camera is ready
2026-09-21 00:35:43,610 INFO Chrome is already running or window is open
2026-09-21 00:35:43,611 INFO Attempting to launch Zoom
2026-09-21 00:35:43,615 INFO Zoom launched successfully
2026-09-21 00:35:48,616 INFO Vmix is already running or window is open
2026-09-21 00:37:05,638 INFO Broadcast Launcher Starting...
2026-09-21 00:37:05,641 INFO waking Left Camera
2026-09-21 00:37:05,641 INFO Left Camera is ready
2026-09-21 00:37:05,641 INFO waking Center Camera
2026-09-21 00:37:05,641 INFO Center Camera is ready
2026-09-21 00:37:05,642 INFO waking Right Camera
2026-09-21 00:37:05,642 INFO Right Camera is ready
2026-09-21 00:37:05,643 INFO Chrome is already running or window is open
2026-09-21 00:37:05,644 INFO Attempting to launch Zoom
2026-09-21 00:37:05,648 INFO Zoom launched successfully
2026-09-21 00:37:10,649 INFO Vmix is already running or window is open
2026-09-21 00:46:25,013 INFO Broadcast Launcher Starting...
2026-09-21 00:46:25,018 INFO waking Left Camera
2026-09-21 00:46:25,018 INFO Left Camera is ready
2026-09-21 00:46:25,018 INFO waking Center Camera
2026-09-21 00:46:25,018 INFO Center Camera is ready
2026-09-21 00:46:25,024 INFO waking Right Camera
2026-09-21 00:46:25,024 INFO Right Camera is ready
2026-09-21 00:46:25,024 INFO Attempting to launch Chrome
2026-09-21 00:46:25,027 INFO Chrome launched successfully
2026-09-21 00:46:25,028 INFO Attempting to launch Zoom
2026-09-21 00:46:25,053 ERROR Zoom failed to launch
2026-09-21 00:46:30,055 INFO Vmix is already running or window is open
2026-09-21 00:47:15,767 INFO Broadcast Launcher Starting...
2026-09-21 00:47:15,772 INFO waking Right Camera
2026-09-21 00:47:15,772 INFO Right Camera is ready
2026-09-21 00:47:15,773 INFO waking Left Camera
2026-09-21 00:47:15,773 INFO Left Camera is ready
2026-09-21 00:47:15,775 INFO waking Center Camera
2026-09-21 00:47:15,775 INFO Center Camera is ready
2026-09-21 00:47:15,775 INFO Attempting to launch Chrome
2026-09-21 00:47:15,779 INFO Chrome launched successfully
2026-09-21 00:47:15,779 INFO Zoom is already running or window is open
2026-09-21 00:47:15,780 INFO Vmix is already running or window is open
2026-09-21 00:49:45,336 INFO Broadcast Launcher Starting...
2026-09-21 00:49:45,341 INFO waking Right Camera
2026-09-21 00:49:45,341 INFO Right Camera is ready
2026-09-21 00:49:45,344 INFO waking Center Camera
2026-09-21 00:49:45,344 INFO Center Camera is ready
2026-09-21 00:49:45,347 INFO waking Left Camera
2026-09-21 00:49:45,347 INFO Left Camera is ready
2026-09-21 00:49:45,348 INFO Attempting to launch Chrome
2026-09-21 00:49:45,351 INFO Chrome launched successfully
2026-09-21 00:49:45,352 INFO Attempting to launch Zoom
2026-09-21 00:49:45,375 ERROR Zoom failed to launch
2026-09-21 00:49:50,376 INFO Vmix is already running or window is open
2026-09-21 00:55:40,773 INFO Broadcast Launcher Starting...
2026-09-21 00:55:40,776 INFO waking Center Camera
2026-09-21 00:55:40,776 INFO Center Camera is ready
2026-09-21 00:55:40,780 INFO waking Left Camera
2026-09-21 00:55:40,780 INFO Left Camera is ready
2026-09-21 00:55:40,781 INFO waking Right Camera
2026-09-21 00:55:40,781 INFO Right Camera is ready
2026-09-21 00:55:40,781 INFO Chrome is already running or window is open
2026-09-21 00:55:40,782 INFO Zoom is already running or window is open
2026-09-21 00:55:40,782 INFO Vmix is already running or window is open
2026-09-21 01:08:59,662 INFO Broadcast Launcher Starting...
2026-09-21 01:08:59,667 INFO waking Right Camera
2026-09-21 01:08:59,667 INFO Right Camera is ready
2026-09-21 01:08:59,671 INFO waking Center Camera
2026-09-21 01:08:59,671 INFO Center Camera is ready
2026-09-21 01:08:59,672 INFO waking Left Camera
2026-09-21 01:08:59,673 INFO Left Camera is ready
2026-09-21 01:08:59,673 INFO Chrome is already running or window is open
2026-09-21 01:08:59,674 INFO Attempting to launch Zoom
2026-09-21 01:08:59,697 ERROR Zoom failed to launch
2026-09-21 01:09:04,697 INFO Vmix is already running or window is open
2026-09-22 21:41:22,769 INFO Broadcast Launcher Starting...
2026-09-22 21:41:22,771 INFO waking Right Camera
2026-09-22 21:41:22,771 INFO Right Camera is ready
2026-09-22 21:41:22,772 INFO waking Center Camera
2026-09-22 21:41:22,772 INFO Center Camera is ready
2026-09-22 21:41:22,778 INFO waking Left Camera
2026-09-22 21:41:22,778 INFO Left Camera is ready
2026-09-22 21:41:22,779 INFO Chrome is already running or window is open
2026-09-22 21:41:22,780 INFO Attempting to launch Zoom
2026-09-22 21:41:42,841 ERROR Zoom failed to launch
2026-09-22 21:41:47,842 INFO Vmix is already running or window is open
2026-09-22 21:45:07,222 INFO Broadcast Launcher Starting...
2026-09-22 21:45:07,224 INFO waking Right Camera
2026-09-22 21:45:07,224 INFO Right Camera is ready
2026-09-22 21:45:07,227 INFO waking Left Camera
2026-09-22 21:45:07,227 INFO Left Camera is ready
2026-09-22 21:45:07,231 INFO waking Center Camera
2026-09-22 21:45:07,231 INFO Center Camera is ready
2026-09-22 21:45:07,232 INFO Chrome is already running or window is open
2026-09-22 21:45:07,232 INFO Zoom is already running or window is open
2026-09-22 21:45:07,233 INFO Vmix is already running or window is open
2026-09-22 21:53:09,496 INFO Broadcast Launcher Starting...
2026-09-22 21:53:09,504 INFO waking Left Camera
2026-09-22 21:53:09,504 INFO Left Camera is ready
2026-09-22 21:53:09,504 INFO waking Right Camera
2026-09-22 21:53:09,504 INFO Right Camera is ready
2026-09-22 21:53:09,507 INFO waking Center Camera
2026-09-22 21:53:09,507 INFO Center Camera is ready
2026-09-22 21:53:09,508 INFO Chrome is already running or window is open
2026-09-22 21:53:09,509 INFO Attempting to launch Zoom
2026-09-22 21:53:11,167 INFO Zoom meeting joined successfully
2026-09-22 21:53:11,167 INFO Zoom launched successfully
2026-09-22 21:53:16,168 INFO Vmix is already running or window is open
2026-09-22 21:55:44,467 INFO Broadcast Launcher Starting...
2026-09-22 21:55:44,471 INFO waking Center Camera
2026-09-22 21:55:44,472 INFO Center Camera is ready
2026-09-22 21:55:44,472 INFO waking Right Camera
2026-09-22 21:55:44,472 INFO Right Camera is ready
2026-09-22 21:55:44,480 INFO waking Left Camera
2026-09-22 21:55:44,480 INFO Left Camera is ready
2026-09-22 21:55:44,480 INFO Chrome is already running or window is open
2026-09-22 21:55:44,482 INFO Attempting to launch Zoom
2026-09-22 21:56:15,408 INFO Zoom launched successfully
2026-09-22 21:56:20,408 INFO Vmix is already running or window is open
2026-09-24 12:36:31,193 INFO Broadcast Launcher Starting...
2026-09-24 12:37:09,675 INFO waking Center Camera
2026-09-24 12:37:09,676 INFO Center Camera is ready
2026-09-24 12:37:09,930 INFO waking Right Camera
2026-09-24 12:37:09,930 INFO Right Camera is ready
2026-09-24 12:37:09,934 INFO waking Left Camera
2026-09-24 12:37:09,934 INFO Left Camera is ready
2026-09-24 12:37:09,937 INFO Chrome is already running or window is open
2026-09-24 12:37:09,937 INFO Attempting to launch Zoom
2026-09-24 12:37:14,257 INFO Zoom meeting joined successfully
2026-09-24 12:37:14,257 INFO Zoom launched successfully
2026-09-24 12:37:19,257 INFO Attempting to launch Vmix
2026-09-24 12:37:19,369 INFO Vmix launched successfully
2026-09-24 12:51:14,196 INFO Broadcast Launcher Starting...
2026-09-24 12:51:14,200 INFO waking Right Camera
2026-09-24 12:51:14,200 INFO Right Camera is ready
2026-09-24 12:51:14,204 INFO waking Center Camera
2026-09-24 12:51:14,204 INFO Center Camera is ready
2026-09-24 12:51:14,204 INFO waking Left Camera
2026-09-24 12:51:14,204 INFO Left Camera is ready
2026-09-24 12:51:14,205 INFO Chrome is already running or window is open
2026-09-24 12:51:14,206 INFO Attempting to launch Zoom
2026-09-24 12:51:44,999 INFO Zoom launched successfully
2026-09-24 12:51:50,000 INFO Attempting to launch Vmix
2026-09-24 12:51:50,005 INFO Vmix launched successfully
2026-09-24 12:59:34,777 INFO Broadcast Launcher Starting...
2026-09-24 12:59:34,781 INFO waking Center Camera
2026-09-24 12:59:34,781 INFO Center Camera is ready
2026-09-24 12:59:34,782 INFO waking Left Camera
2026-09-24 12:59:34,782 INFO Left Camera is ready
2026-09-24 12:59:34,785 INFO waking Right Camera
2026-09-24 12:59:34,785 INFO Right Camera is ready
2026-09-24 12:59:34,786 INFO Chrome is already running or window is open
2026-09-24 12:59:34,787 INFO Attempting to launch Zoom
2026-09-24 12:59:36,421 INFO Zoom meeting joined successfully
2026-09-24 12:59:36,421 INFO Zoom launched successfully
2026-09-24 12:59:41,423 INFO Attempting to launch Vmix
2026-09-24 12:59:41,426 INFO Vmix launched successfully
2026-09-24 13:01:46,466 INFO Broadcast Launcher Starting...
2026-09-24 13:02:25,117 INFO waking Center Camera
2026-09-24 13:02:25,117 INFO Center Camera is ready
2026-09-24 13:02:25,207 INFO waking Left Camera
2026-09-24 13:02:25,207 INFO Left Camera is ready
2026-09-24 13:02:26,650 INFO waking Right Camera
2026-09-24 13:02:26,650 INFO Right Camera is ready
2026-09-24 13:02:26,653 INFO Chrome is already running or window is open
2026-09-24 13:02:26,653 INFO Attempting to launch Zoom
2026-09-24 13:02:28,291 INFO Zoom meeting joined successfully
2026-09-24 13:02:28,291 INFO Zoom launched successfully
2026-09-24 13:02:33,292 INFO Attempting to launch Vmix
2026-09-24 13:02:33,297 INFO Vmix launched successfully
2026-09-24 13:51:31,465 INFO Broadcast Launcher Starting...
2026-09-24 13:51:31,470 INFO waking Center Camera
2026-09-24 13:51:31,470 INFO Center Camera is ready
2026-09-24 13:51:31,473 INFO waking Left Camera
2026-09-24 13:51:31,473 INFO Left Camera is ready
2026-09-24 13:51:31,474 INFO waking Right Camera
2026-09-24 13:51:31,474 INFO Right Camera is ready
2026-09-24 13:51:31,476 INFO Chrome is already running or window is open
2026-09-24 13:51:31,477 INFO Attempting to launch Zoom
2026-09-24 13:52:02,260 INFO Zoom launched successfully
2026-09-24 13:52:07,261 INFO Vmix is already running or window is open
2026-09-26 09:24:23,864 INFO Broadcast Launcher Starting...
2026-09-26 09:24:23,876 INFO waking Center Camera
2026-09-26 09:24:23,877 INFO Center Camera is ready
2026-09-26 09:24:23,877 INFO waking Left Camera
2026-09-26 09:24:23,877 INFO Left Camera is ready
2026-09-26 09:24:23,881 INFO waking Right Camera
2026-09-26 09:24:23,881 INFO Right Camera is ready
2026-09-26 09:24:23,885 INFO Chrome is already running or window is open
2026-09-26 09:24:23,885 INFO Attempting to launch Zoom
2026-09-26 09:24:58,518 INFO Zoom launched successfully
2026-09-26 09:25:03,519 INFO Vmix is already running or window is open
2026-09-26 18:58:32,044 INFO Broadcast Launcher Starting...
2026-09-26 18:58:32,059 INFO waking Left Camera
2026-09-26 18:58:32,059 INFO Left Camera is ready
2026-09-26 18:59:03,127 INFO waking Center Camera
2026-09-26 18:59:03,127 INFO Center Camera is ready
2026-09-26 18:59:12,129 INFO waking Right Camera
2026-09-26 18:59:12,129 INFO Right Camera is ready
2026-09-26 18:59:12,132 INFO Chrome is already running or window is open
2026-09-26 18:59:12,134 INFO Attempting to launch Zoom
2026-09-26 18:59:17,118 INFO Zoom meeting joined successfully
2026-09-26 18:59:17,118 INFO Zoom launched successfully
2026-09-26 18:59:22,119 INFO Attempting to launch Vmix
2026-09-26 18:59:22,232 INFO Vmix launched successfully
2026-09-27 22:45:44,076 INFO Broadcast Launcher Starting...
2026-09-27 22:46:21,187 INFO waking Right Camera
2026-09-27 22:46:21,187 INFO Right Camera is ready
2026-09-27 22:46:21,193 INFO waking Left Camera
2026-09-27 22:46:21,193 INFO Left Camera is ready
2026-09-27 22:46:22,535 INFO waking Center Camera
2026-09-27 22:46:22,535 INFO Center Camera is ready
2026-09-27 22:46:22,536 INFO Chrome is already running or window is open
2026-09-27 22:46:22,537 INFO Attempting to launch Zoom
2026-09-27 22:46:53,133 INFO Zoom launched successfully
2026-09-27 22:46:58,134 INFO Vmix is already running or window is open
2026-09-27 22:49:06,819 INFO Broadcast Launcher Starting...
2026-09-27 22:49:06,828 INFO waking Left Camera
2026-09-27 22:49:06,828 INFO Left Camera is ready
2026-09-27 22:49:06,833 INFO waking Center Camera
2026-09-27 22:49:06,833 INFO Center Camera is ready
2026-09-27 22:49:06,835 INFO waking Right Camera
2026-09-27 22:49:06,835 INFO Right Camera is ready
2026-09-27 22:49:06,838 INFO Chrome is already running or window is open
2026-09-27 22:49:06,839 INFO Attempting to launch Zoom
2026-09-27 22:49:12,206 INFO Zoom meeting joined successfully
2026-09-27 22:49:12,206 INFO Zoom launched successfully
2026-09-27 22:49:17,206 INFO Attempting to launch Vmix
2026-09-27 22:49:17,309 INFO Vmix launched successfully
2026-10-01 11:15:50,508 INFO Broadcast Launcher Starting...
2026-10-01 11:16:30,666 INFO waking Center Camera
2026-10-01 11:16:30,667 INFO Center Camera is ready
2026-10-01 11:16:30,669 INFO waking Left Camera
2026-10-01 11:16:30,669 INFO Left Camera is ready
2026-10-01 11:16:30,687 INFO waking Right Camera
2026-10-01 11:16:30,687 INFO Right Camera is ready
2026-10-01 11:16:30,688 INFO Chrome is already running or window is open
2026-10-01 11:16:30,690 INFO Attempting to launch Zoom
2026-10-01 11:17:01,269 INFO Zoom launched successfully
2026-10-01 11:17:06,271 INFO Attempting to launch Vmix
2026-10-01 11:17:06,372 INFO Vmix launched successfully
2026-10-01 13:28:29,535 INFO Broadcast Launcher Starting...
2026-10-01 13:28:29,539 INFO waking Left Camera
2026-10-01 13:28:29,539 INFO Left Camera is ready
2026-10-01 13:28:29,543 INFO waking Right Camera
2026-10-01 13:28:29,543 INFO Right Camera is ready
2026-10-01 13:28:29,546 INFO waking Center Camera
2026-10-01 13:28:29,546 INFO Center Camera is ready
2026-10-01 13:28:29,547 INFO Attempting to launch Chrome
2026-10-01 13:28:29,549 INFO Chrome launched successfully
2026-10-01 13:28:29,550 INFO Attempting to launch Zoom
2026-10-01 13:29:00,219 INFO Zoom launched successfully
2026-10-01 13:29:05,220 INFO Vmix is already running or window is open
2026-10-01 13:45:24,076 INFO Broadcast Launcher Starting...
2026-10-01 13:45:24,079 INFO waking Right Camera
2026-10-01 13:45:24,080 INFO Right Camera is ready
2026-10-01 13:45:24,083 INFO waking Left Camera
2026-10-01 13:45:24,083 INFO Left Camera is ready
2026-10-01 13:45:24,087 INFO waking Center Camera
2026-10-01 13:45:24,087 INFO Center Camera is ready
2026-10-01 13:45:24,087 INFO Chrome is already running or window is open
2026-10-01 13:45:24,088 INFO Opening configured Zoom meeting
2026-10-01 13:45:54,594 ERROR Zoom meeting window 'Mount Pisgah | Sabbath Service' did not appear before timeout
2026-10-01 13:45:59,595 INFO Vmix is already running or window is open
2026-10-01 13:46:17,309 INFO Broadcast Launcher Starting...
2026-10-01 13:46:17,317 INFO waking Right Camera
2026-10-01 13:46:17,317 INFO Right Camera is ready
2026-10-01 13:46:17,318 INFO waking Left Camera
2026-10-01 13:46:17,318 INFO Left Camera is ready
2026-10-01 13:46:17,319 INFO waking Center Camera
2026-10-01 13:46:17,319 INFO Center Camera is ready
2026-10-01 13:46:17,320 INFO Chrome is already running or window is open
2026-10-01 13:46:17,320 INFO Opening configured Zoom meeting
2026-10-01 13:46:47,790 ERROR Zoom meeting window 'Mount Pisgah | Sabbath Service' did not appear before timeout
2026-10-01 13:46:52,791 INFO Vmix is already running or window is open
2026-10-01 13:59:46,538 INFO Broadcast Launcher Starting...
2026-10-01 13:59:46,541 INFO waking Left Camera
2026-10-01 13:59:46,541 INFO Left Camera is ready
2026-10-01 13:59:46,546 INFO waking Center Camera
2026-10-01 13:59:46,546 INFO Center Camera is ready
2026-10-01 13:59:46,548 INFO waking Right Camera
2026-10-01 13:59:46,549 INFO Right Camera is ready
2026-10-01 13:59:46,549 INFO Attempting to launch Chrome
2026-10-01 13:59:46,553 INFO Chrome launched successfully
2026-10-01 13:59:46,553 INFO Opening configured Zoom meeting
2026-10-01 14:00:16,597 ERROR Zoom meeting window 'Mount Pisgah | Sabbath Service' did not appear before timeout
2026-10-01 14:00:21,598 INFO Attempting to launch Vmix
2026-10-01 14:00:21,605 INFO Vmix launched successfully
2026-10-01 14:25:51,421 INFO Broadcast Launcher Starting...
2026-10-01 14:25:51,423 INFO waking Right Camera
2026-10-01 14:25:51,423 INFO Right Camera is ready
2026-10-01 14:25:51,425 INFO waking Center Camera
2026-10-01 14:25:51,425 INFO Center Camera is ready
2026-10-01 14:25:51,431 INFO waking Left Camera
2026-10-01 14:25:51,431 INFO Left Camera is ready
2026-10-01 14:25:51,432 INFO Attempting to launch Chrome
2026-10-01 14:25:51,435 INFO Chrome launched successfully
2026-10-01 14:25:51,435 INFO Opening configured Zoom meeting
2026-10-01 14:26:21,479 ERROR Zoom meeting window 'Mount Pisgah | Sabbath Service' did not appear before timeout
2026-10-01 14:26:26,480 INFO Attempting to launch Vmix
2026-10-01 14:26:26,483 INFO Vmix launched successfully
2026-10-01 18:31:38,634 INFO Broadcast Launcher Starting...
2026-10-01 18:31:38,639 INFO waking Right Camera
2026-10-01 18:31:38,639 INFO Right Camera is ready
2026-10-01 18:31:38,645 INFO waking Left Camera
2026-10-01 18:31:38,645 INFO Left Camera is ready
2026-10-01 18:31:38,646 INFO waking Center Camera
2026-10-01 18:31:38,646 INFO Center Camera is ready
2026-10-01 18:31:38,646 INFO Attempting to launch Chrome
2026-10-01 18:31:38,651 INFO Chrome launched successfully
2026-10-01 18:31:38,652 INFO Opening configured Zoom meeting
2026-10-01 18:32:08,706 ERROR Zoom meeting window 'Mount Pisgah | Sabbath Service' did not appear before timeout
2026-10-01 18:32:13,707 INFO Attempting to launch Vmix
2026-10-01 18:32:13,713 INFO Vmix launched successfully
2026-10-01 19:17:55,369 INFO Broadcast Launcher Starting...
2026-10-01 19:17:55,375 INFO waking Right Camera
2026-10-01 19:17:55,375 INFO Right Camera is ready
2026-10-01 19:17:55,376 INFO waking Left Camera
2026-10-01 19:17:55,376 INFO Left Camera is ready
2026-10-01 19:17:55,380 INFO waking Center Camera
2026-10-01 19:17:55,380 INFO Center Camera is ready
2026-10-01 19:17:55,381 INFO Attempting to launch Chrome
2026-10-01 19:17:55,385 INFO Chrome launched successfully
2026-10-01 19:17:55,385 INFO Opening configured Zoom meeting
2026-10-01 19:18:25,435 ERROR Zoom meeting window 'Mount Pisgah | Sabbath Service' did not appear before timeout
2026-10-01 19:18:30,437 INFO Attempting to launch Vmix
2026-10-01 19:18:30,452 INFO Vmix launched successfully
2026-10-01 19:26:27,633 INFO Broadcast Launcher Starting...
2026-10-01 19:28:20,399 INFO Broadcast Launcher Starting...
2026-10-01 19:28:20,402 INFO waking Right Camera
2026-10-01 19:28:20,402 INFO Right Camera is ready
2026-10-01 19:28:20,402 INFO waking Center Camera
2026-10-01 19:28:20,402 INFO Center Camera is ready
2026-10-01 19:28:20,405 INFO waking Left Camera
2026-10-01 19:28:20,406 INFO Left Camera is ready
2026-10-01 19:28:20,406 INFO Chrome is already running or window is open
2026-10-01 19:28:20,406 INFO Opening configured Zoom meeting
2026-10-01 19:28:50,444 ERROR Zoom meeting window 'Mount Pisgah | Sabbath Service' did not appear before timeout
2026-10-01 19:28:50,444 INFO Attempting to launch Vmix
2026-10-01 19:28:50,448 INFO Vmix launched successfully
2026-10-01 20:42:25,815 INFO Broadcast Launcher Starting...
2026-10-01 20:42:25,818 INFO Center Camera is ready
2026-10-01 20:42:25,819 INFO Right Camera is ready
2026-10-01 20:42:25,822 INFO Left Camera is ready
2026-10-01 20:42:25,823 INFO Chrome is already running or window is open
2026-10-01 20:42:25,823 INFO Opening configured Zoom meeting
2026-10-01 20:42:55,862 ERROR Zoom meeting window 'Mount Pisgah | Sabbath Service' did not appear before timeout
2026-10-01 20:42:55,863 INFO Attempting to launch Vmix
2026-10-01 20:42:55,873 INFO Vmix launched successfully
2026-10-01 20:42:58,903 INFO vMix API is ready
2026-10-01 20:42:58,904 INFO Requesting vMix Zoom connection for input 11
2026-10-01 20:42:58,968 INFO vMix accepted ZoomJoinMeeting request
2026-10-01 20:42:58,969 INFO Waiting for Zoom livestream permission request
2026-10-01 20:43:19,024 ERROR Zoom livestream permission window did not appear within 20 seconds
2026-10-01 20:43:19,024 ERROR Could not grant Zoom streaming permission
2026-10-01 20:57:33,420 INFO Broadcast Launcher Starting...
2026-10-01 20:57:33,423 INFO Left Camera is ready
2026-10-01 20:57:33,427 INFO Center Camera is ready
2026-10-01 20:57:33,430 INFO Right Camera is ready
2026-10-01 20:57:33,431 INFO Chrome is already running or window is open
2026-10-01 20:57:33,431 INFO Opening configured Zoom meeting
2026-10-01 20:58:03,471 ERROR Zoom meeting window 'Mount Pisgah | Sabbath Service' did not appear before timeout
2026-10-01 20:58:03,472 INFO Attempting to launch Vmix
2026-10-01 20:58:03,479 INFO Vmix launched successfully
2026-10-01 20:58:06,517 INFO vMix API is ready
2026-10-01 20:58:06,517 INFO Requesting vMix Zoom connection for input 11
2026-10-01 20:58:06,600 INFO vMix accepted ZoomJoinMeeting request
2026-10-01 20:58:06,600 INFO Waiting for Zoom livestream permission request
2026-10-01 20:58:11,923 INFO Zoom livestream permission window detected
2026-10-01 20:58:12,037 ERROR Failed to click Zoom Grant permission: (5, 'SetForegroundWindow', 'Access is denied.')
Traceback (most recent call last):
  File "C:\Users\User\Desktop\Dev\broadcast-launcher\src\launcher.py", line 188, in grant_zoom_streaming_permission
    window.click_input(
  File "C:\Users\User\AppData\Local\Programs\Python\Python312\Lib\site-packages\pywinauto\base_wrapper.py", line 737, in click_input
    self.set_focus()
  File "C:\Users\User\AppData\Local\Programs\Python\Python312\Lib\site-packages\pywinauto\controls\hwndwrapper.py", line 1319, in set_focus
    win32gui.SetForegroundWindow(self.handle)
pywintypes.error: (5, 'SetForegroundWindow', 'Access is denied.')
2026-10-01 20:58:12,038 ERROR Could not grant Zoom streaming permission
2026-10-01 21:05:43,755 INFO Broadcast Launcher Starting...
2026-10-01 21:05:43,759 INFO Left Camera is ready
2026-10-01 21:05:43,759 INFO Center Camera is ready
2026-10-01 21:05:43,764 INFO Right Camera is ready
2026-10-01 21:05:43,765 INFO Chrome is already running or window is open
2026-10-01 21:05:43,765 INFO Opening configured Zoom meeting
2026-10-01 21:06:13,804 ERROR Zoom meeting window 'Mount Pisgah | Sabbath Service' did not appear before timeout
2026-10-01 21:06:13,805 INFO Vmix is already running or window is open
2026-10-01 21:06:13,827 INFO vMix API is ready
2026-10-01 21:06:13,828 INFO Requesting vMix Zoom connection for input 11
2026-10-01 21:06:15,114 INFO vMix accepted ZoomJoinMeeting request
2026-10-01 21:06:15,114 INFO Waiting for Zoom livestream permission request
2026-10-01 21:06:18,423 INFO Zoom livestream permission window detected
2026-10-01 21:06:19,699 INFO Clicked Zoom Grant permission
2026-10-01 21:06:24,714 ERROR Zoom permission window remained after click
2026-10-01 21:06:24,714 ERROR Could not grant Zoom streaming permission
2026-10-01 21:07:00,447 INFO Broadcast Launcher Starting...
2026-10-01 21:07:00,451 INFO Right Camera is ready
2026-10-01 21:07:00,452 INFO Left Camera is ready
2026-10-01 21:07:00,459 INFO Center Camera is ready
2026-10-01 21:07:00,460 INFO Chrome is already running or window is open
2026-10-01 21:07:00,460 INFO Opening configured Zoom meeting
2026-10-01 21:07:30,497 ERROR Zoom meeting window 'Mount Pisgah | Sabbath Service' did not appear before timeout
2026-10-01 21:07:30,497 INFO Vmix is already running or window is open
2026-10-01 21:07:30,513 INFO vMix API is ready
2026-10-01 21:07:30,513 INFO Requesting vMix Zoom connection for input 11
2026-10-01 21:07:31,337 INFO vMix accepted ZoomJoinMeeting request
2026-10-01 21:07:31,337 INFO Waiting for Zoom livestream permission request
2026-10-01 21:07:34,343 INFO Zoom livestream permission window detected
2026-10-01 21:07:34,459 INFO Clicked Zoom Grant permission
2026-10-01 21:07:34,961 INFO Zoom livestream permission was granted
2026-10-01 21:07:34,961 INFO vMix Zoom permission workflow completed
2026-10-01 21:15:34,961 INFO Broadcast Launcher Starting...
2026-10-01 21:15:34,968 INFO Center Camera is ready
2026-10-01 21:15:34,971 INFO Right Camera is ready
2026-10-01 21:15:34,973 INFO Left Camera is ready
2026-10-01 21:15:34,973 INFO Attempting to launch Chrome
2026-10-01 21:15:34,976 INFO Chrome launched successfully
2026-10-01 21:15:34,976 INFO Opening configured Zoom meeting
2026-10-01 21:16:05,012 ERROR Zoom meeting window 'Mount Pisgah | Sabbath Service' did not appear before timeout
2026-10-01 21:16:05,012 INFO Attempting to launch Vmix
2026-10-01 21:16:05,015 INFO Vmix launched successfully
2026-10-01 21:16:11,062 INFO vMix API is ready
2026-10-01 21:16:11,062 INFO Requesting vMix Zoom connection for input 11
2026-10-01 21:16:11,144 INFO vMix accepted ZoomJoinMeeting request
2026-10-01 21:16:11,144 INFO Waiting for Zoom livestream permission request
2026-10-01 21:17:11,273 ERROR Zoom livestream permission window did not appear within 60 seconds
2026-10-01 21:17:11,273 ERROR Could not grant Zoom streaming permission
2026-10-01 21:26:13,238 INFO Broadcast Launcher Starting...
2026-10-01 21:26:13,244 INFO Center Camera is ready
2026-10-01 21:26:13,245 INFO Left Camera is ready
2026-10-01 21:26:13,245 INFO Right Camera is ready
2026-10-01 21:26:13,245 INFO Attempting to launch Chrome
2026-10-01 21:26:13,248 INFO Chrome launched successfully
2026-10-01 21:26:13,248 INFO Opening configured Zoom meeting
2026-10-01 21:26:43,301 ERROR Zoom meeting window 'Mount Pisgah | Sabbath Service' did not appear before timeout
2026-10-01 21:26:43,301 INFO Attempting to launch Vmix
2026-10-01 21:26:43,305 INFO Vmix launched successfully
2026-10-01 21:26:46,330 INFO vMix API is ready
2026-10-01 21:26:46,331 INFO Requesting vMix Zoom connection for input 11
2026-10-01 21:26:46,397 INFO vMix accepted ZoomJoinMeeting request
2026-10-01 21:26:46,397 INFO Waiting for Zoom livestream permission request
2026-10-01 21:27:46,530 ERROR Zoom livestream permission window did not appear within 60 seconds
2026-10-01 21:27:46,530 ERROR Could not grant Zoom streaming permission
2026-10-01 21:31:43,725 INFO Broadcast Launcher Starting...
2026-10-01 21:31:43,727 INFO Left Camera is ready
2026-10-01 21:31:43,732 INFO Center Camera is ready
2026-10-01 21:31:43,732 INFO Right Camera is ready
2026-10-01 21:31:43,732 INFO Attempting to launch Chrome
2026-10-01 21:31:43,735 INFO Chrome launched successfully
2026-10-01 21:31:43,735 INFO Opening configured Zoom meeting
2026-10-01 21:32:13,781 ERROR Zoom meeting window 'Mount Pisgah | Sabbath Service' did not appear before timeout
2026-10-01 21:32:13,783 INFO Attempting to launch Vmix
2026-10-01 21:32:13,790 INFO Vmix launched successfully
2026-10-01 21:32:16,817 INFO vMix API is ready
2026-10-01 21:32:16,817 INFO Requesting vMix Zoom connection for input 11
2026-10-01 21:32:16,904 INFO vMix accepted ZoomJoinMeeting request
2026-10-01 21:32:16,904 INFO Waiting for Zoom livestream permission request
2026-10-01 21:33:17,034 ERROR Zoom livestream permission window did not appear within 60 seconds
2026-10-01 21:33:17,034 ERROR Could not grant Zoom streaming permission
2026-10-01 21:35:19,054 INFO Broadcast Launcher Starting...
2026-10-01 21:38:13,881 INFO Broadcast Launcher Starting...
2026-10-01 21:38:13,883 INFO Center Camera is ready
2026-10-01 21:38:13,890 INFO Left Camera is ready
2026-10-01 21:38:13,893 INFO Right Camera is ready
2026-10-01 21:38:13,893 INFO Attempting to launch Chrome
2026-10-01 21:38:13,898 INFO Chrome launched successfully
2026-10-01 21:38:13,898 INFO Deferring Zoom meeting launch until after vMix connects
2026-10-01 21:38:13,898 INFO Attempting to launch Vmix
2026-10-01 21:38:13,905 INFO Vmix launched successfully
2026-10-01 21:38:16,948 INFO vMix API is ready
2026-10-01 21:38:16,948 INFO Requesting vMix Zoom connection for input 11
2026-10-01 21:38:17,026 INFO vMix accepted ZoomJoinMeeting request
2026-10-01 21:38:17,026 INFO Waiting for Zoom livestream permission request
2026-10-01 21:39:17,154 ERROR Zoom livestream permission window did not appear within 60 seconds
2026-10-01 21:39:17,154 ERROR Could not grant Zoom streaming permission
2026-10-01 21:39:17,154 INFO Opening configured Zoom meeting
2026-10-01 21:39:47,201 ERROR Zoom meeting window 'Mount Pisgah | Sabbath Service' did not appear before timeout
2026-10-01 21:39:47,201 ERROR Zoom meeting did not open successfully
2026-10-01 21:42:52,445 INFO Broadcast Launcher Starting...
2026-10-01 21:42:52,445 INFO vMix Zoom connection workflow completed
2026-10-01 21:45:38,662 INFO Broadcast Launcher Starting...
2026-10-01 21:45:38,665 INFO Right Camera is ready
2026-10-01 21:45:38,666 INFO Center Camera is ready
2026-10-01 21:45:38,667 INFO Left Camera is ready
2026-10-01 21:45:38,668 INFO Attempting to launch Chrome
2026-10-01 21:45:38,672 INFO Chrome launched successfully
2026-10-01 21:45:38,672 INFO Deferring Zoom meeting launch until after vMix connects
2026-10-01 21:45:38,672 INFO Attempting to launch Vmix
2026-10-01 21:45:38,675 INFO Vmix launched successfully
2026-10-01 21:45:41,676 INFO Opening configured Zoom meeting
2026-10-01 21:46:11,723 ERROR Zoom meeting window 'Mount Pisgah | Sabbath Service' did not appear before timeout
2026-10-01 21:46:11,723 ERROR Zoom meeting did not open successfully
2026-10-01 21:46:11,747 INFO vMix API is ready
2026-10-01 21:46:11,748 INFO Requesting vMix Zoom connection for input 11
2026-10-01 21:46:13,298 INFO vMix accepted ZoomJoinMeeting request
2026-10-01 21:46:13,299 INFO Waiting for Zoom livestream permission request
2026-10-01 21:46:16,608 INFO Zoom livestream permission window detected
2026-10-01 21:46:16,989 INFO Clicked Zoom Grant permission
2026-10-01 21:46:17,490 INFO Zoom livestream permission was granted
2026-10-01 21:46:17,490 INFO vMix Zoom permission workflow completed
2026-10-01 21:46:17,490 INFO vMix Zoom connection workflow completed
2026-10-01 21:48:14,024 INFO Broadcast Launcher Starting...
2026-10-01 21:48:14,028 INFO Left Camera is ready
2026-10-01 21:48:14,030 INFO Right Camera is ready
2026-10-01 21:48:14,031 INFO Center Camera is ready
2026-10-01 21:48:14,031 INFO Attempting to launch Chrome
2026-10-01 21:48:14,034 INFO Chrome launched successfully
2026-10-01 21:48:14,034 INFO Deferring Zoom meeting launch until after vMix connects
2026-10-01 21:48:14,034 INFO Attempting to launch Vmix
2026-10-01 21:48:14,037 INFO Vmix launched successfully
2026-10-01 21:48:17,038 INFO Opening configured Zoom meeting
2026-10-01 21:48:47,088 ERROR Zoom meeting window 'Mount Pisgah | Sabbath Service' did not appear before timeout
2026-10-01 21:48:47,088 ERROR Zoom meeting did not open successfully
2026-10-01 21:48:47,123 INFO vMix API is ready
2026-10-01 21:48:47,124 INFO Requesting vMix Zoom connection for input 11
2026-10-01 21:48:48,484 INFO vMix accepted ZoomJoinMeeting request
2026-10-01 21:48:48,484 INFO Waiting for Zoom livestream permission request
2026-10-01 21:48:51,794 INFO Zoom livestream permission window detected
2026-10-01 21:48:52,180 INFO Clicked Zoom Grant permission
2026-10-01 21:48:52,682 INFO Zoom livestream permission was granted
2026-10-01 21:48:52,683 INFO vMix Zoom permission workflow completed
2026-10-01 21:48:52,683 INFO vMix Zoom connection workflow completed
2026-10-01 22:21:27,836 INFO Broadcast Launcher Starting...
2026-10-01 22:21:27,840 INFO Center Camera is ready
2026-10-01 22:21:27,843 INFO Right Camera is ready
2026-10-01 22:21:27,846 INFO Left Camera is ready
2026-10-01 22:21:27,847 INFO Attempting to launch Chrome
2026-10-01 22:21:27,849 INFO Chrome launched successfully
2026-10-01 22:21:27,849 INFO Deferring Zoom meeting launch until after vMix connects
2026-10-01 22:21:27,850 INFO Attempting to launch Vmix
2026-10-01 22:21:27,852 INFO Vmix launched successfully
2026-10-01 22:21:30,855 INFO Opening configured Zoom meeting
2026-10-01 22:22:00,903 ERROR Zoom meeting window 'Mount Pisgah | Sabbath Service' did not appear before timeout
2026-10-01 22:22:00,903 ERROR Zoom meeting did not open successfully
2026-10-01 22:22:00,946 INFO vMix API is ready
2026-10-01 22:22:00,946 INFO Requesting vMix Zoom connection for input 11
2026-10-01 22:22:01,033 INFO vMix accepted ZoomJoinMeeting request
2026-10-01 22:22:01,033 INFO Waiting for Zoom livestream permission request
2026-10-01 22:22:01,035 INFO Zoom livestream permission window detected
2026-10-01 22:22:01,776 INFO Clicked Zoom Grant permission
2026-10-01 22:22:02,278 INFO Zoom livestream permission was granted
2026-10-01 22:22:02,279 INFO vMix Zoom permission workflow completed
2026-10-01 22:22:02,279 INFO vMix Zoom connection workflow completed
2026-10-01 22:23:13,713 INFO Broadcast Launcher Starting...
2026-10-01 22:23:13,716 INFO Right Camera is ready
2026-10-01 22:23:13,720 INFO Left Camera is ready
2026-10-01 22:23:13,722 INFO Center Camera is ready
2026-10-01 22:23:13,723 INFO Attempting to launch Chrome
2026-10-01 22:23:13,726 INFO Chrome launched successfully
2026-10-01 22:23:13,726 INFO Deferring Zoom meeting launch until after vMix connects
2026-10-01 22:23:13,726 INFO Attempting to launch Vmix
2026-10-01 22:23:13,729 INFO Vmix launched successfully
2026-10-01 22:23:16,730 INFO Opening configured Zoom meeting
2026-10-01 22:23:46,784 ERROR Zoom meeting window 'Mount Pisgah | Sabbath Service' did not appear before timeout
2026-10-01 22:23:46,784 ERROR Zoom meeting did not open successfully
2026-10-01 22:23:46,822 INFO vMix API is ready
2026-10-01 22:23:46,822 INFO Requesting vMix Zoom connection for input 11
2026-10-01 22:23:48,126 INFO vMix accepted ZoomJoinMeeting request
2026-10-01 22:23:48,126 INFO Waiting for Zoom livestream permission request
2026-10-01 22:23:51,443 INFO Zoom livestream permission window detected
2026-10-01 22:23:51,833 INFO Clicked Zoom Grant permission
2026-10-01 22:23:52,335 INFO Zoom livestream permission was granted
2026-10-01 22:23:52,335 INFO vMix Zoom permission workflow completed
2026-10-01 22:23:52,335 INFO vMix Zoom connection workflow completed
2026-10-01 22:26:10,770 INFO Broadcast Launcher Starting...
2026-10-01 22:26:10,776 INFO Right Camera is ready
2026-10-01 22:26:10,776 INFO Left Camera is ready
2026-10-01 22:26:10,778 INFO Center Camera is ready
2026-10-01 22:26:10,779 INFO Attempting to launch Chrome
2026-10-01 22:26:10,782 INFO Chrome launched successfully
2026-10-01 22:26:10,782 INFO Deferring Zoom meeting launch until after vMix connects
2026-10-01 22:26:10,782 INFO Attempting to launch Vmix
2026-10-01 22:26:10,784 INFO Vmix launched successfully
2026-10-01 22:26:13,786 INFO Opening configured Zoom meeting
2026-10-01 22:26:43,834 ERROR Zoom meeting window 'Mount Pisgah | Sabbath Service' did not appear before timeout
2026-10-01 22:26:43,834 ERROR Zoom meeting did not open successfully
2026-10-01 22:26:43,871 INFO vMix API is ready
2026-10-01 22:26:43,871 INFO Requesting vMix Zoom connection for input 11
2026-10-01 22:26:43,959 INFO vMix accepted ZoomJoinMeeting request
2026-10-01 22:26:43,959 INFO Waiting for Zoom livestream permission request
2026-10-01 22:26:43,961 INFO Zoom livestream permission window detected
2026-10-01 22:26:44,077 INFO Clicked Zoom Grant permission
2026-10-01 22:26:44,579 INFO Zoom livestream permission was granted
2026-10-01 22:26:44,579 INFO vMix Zoom permission workflow completed
2026-10-01 22:26:44,579 INFO vMix Zoom connection workflow completed
2026-10-01 22:34:54,363 INFO Broadcast Launcher Starting...
2026-10-01 22:34:54,368 INFO Center Camera is ready
2026-10-01 22:34:54,369 INFO Right Camera is ready
2026-10-01 22:34:54,371 INFO Left Camera is ready
2026-10-01 22:34:54,372 INFO Attempting to launch Chrome
2026-10-01 22:34:54,375 INFO Chrome launched successfully
2026-10-01 22:34:54,375 INFO Deferring Zoom meeting launch until after vMix connects
2026-10-01 22:34:54,375 INFO Attempting to launch Vmix
2026-10-01 22:34:54,377 INFO Vmix launched successfully
2026-10-01 22:34:57,378 INFO Opening configured Zoom meeting
2026-10-01 22:35:27,425 ERROR Zoom meeting window 'Mount Pisgah | Sabbath Service' did not appear before timeout
2026-10-01 22:35:27,425 ERROR Zoom meeting did not open successfully
2026-10-01 22:35:27,455 INFO vMix API is ready
2026-10-01 22:35:27,455 INFO Requesting vMix Zoom connection for input 11
2026-10-01 22:35:28,849 INFO vMix accepted ZoomJoinMeeting request
2026-10-01 22:35:28,849 INFO Waiting for Zoom livestream permission request
2026-10-01 22:35:32,358 INFO Zoom livestream permission window detected
2026-10-01 22:35:32,478 INFO Clicked Zoom Grant permission
2026-10-01 22:35:32,980 INFO Zoom livestream permission was granted
2026-10-01 22:35:32,981 INFO vMix Zoom permission workflow completed
2026-10-01 22:35:32,981 INFO vMix Zoom connection workflow completed
2026-10-01 22:37:02,007 INFO Broadcast Launcher Starting...
2026-10-01 22:37:02,011 INFO Left Camera is ready
2026-10-01 22:37:02,013 INFO Right Camera is ready
2026-10-01 22:37:02,013 INFO Center Camera is ready
2026-10-01 22:37:02,014 INFO Attempting to launch Chrome
2026-10-01 22:37:02,017 INFO Chrome launched successfully
2026-10-01 22:37:02,017 INFO Deferring Zoom meeting launch until after vMix connects
2026-10-01 22:37:02,018 INFO Attempting to launch Vmix
2026-10-01 22:37:02,020 INFO Vmix launched successfully
2026-10-01 22:37:05,022 INFO Opening configured Zoom meeting
2026-10-01 22:37:35,067 ERROR Zoom meeting window 'Mount Pisgah | Sabbath Service' did not appear before timeout
2026-10-01 22:37:35,067 ERROR Zoom meeting did not open successfully
2026-10-01 22:37:35,099 INFO vMix API is ready
2026-10-01 22:37:35,099 INFO Requesting vMix Zoom connection for input 11
2026-10-01 22:37:35,187 INFO vMix accepted ZoomJoinMeeting request
2026-10-01 22:37:35,187 INFO Waiting for Zoom livestream permission request
2026-10-01 22:37:35,189 INFO Zoom livestream permission window detected
2026-10-01 22:37:35,305 INFO Clicked Zoom Grant permission
2026-10-01 22:37:35,807 INFO Zoom livestream permission was granted
2026-10-01 22:37:35,807 INFO vMix Zoom permission workflow completed
2026-10-01 22:37:35,807 INFO vMix Zoom connection workflow completed
2026-10-01 22:42:57,590 INFO Broadcast Launcher Starting...
2026-10-01 22:42:57,595 INFO Center Camera is ready
2026-10-01 22:42:57,600 INFO Left Camera is ready
2026-10-01 22:42:57,601 INFO Right Camera is ready
2026-10-01 22:42:57,602 INFO Attempting to launch Chrome
2026-10-01 22:42:57,605 INFO Chrome launched successfully
2026-10-01 22:42:57,605 INFO Deferring Zoom meeting launch until after vMix connects
2026-10-01 22:42:57,605 INFO Attempting to launch Vmix
2026-10-01 22:42:57,608 INFO Vmix launched successfully
2026-10-01 22:43:00,609 INFO Opening configured Zoom meeting
2026-10-01 22:43:30,654 ERROR Zoom meeting window 'Mount Pisgah | Sabbath Service' did not appear before timeout
2026-10-01 22:43:30,654 ERROR Zoom meeting did not open successfully
2026-10-01 22:43:30,695 INFO vMix API is ready
2026-10-01 22:43:30,695 INFO Requesting vMix Zoom connection for input 11
2026-10-01 22:43:32,229 INFO vMix accepted ZoomJoinMeeting request
2026-10-01 22:43:32,229 INFO Waiting for Zoom livestream permission request
2026-10-01 22:43:35,539 INFO Zoom livestream permission window detected
2026-10-01 22:43:35,917 INFO Clicked Zoom Grant permission
2026-10-01 22:43:36,418 INFO Zoom livestream permission was granted
2026-10-01 22:43:36,418 INFO vMix Zoom permission workflow completed
2026-10-01 22:43:36,418 INFO vMix Zoom connection workflow completed
2026-10-01 22:58:25,962 INFO Broadcast Launcher Starting...
2026-10-01 22:58:25,967 INFO Right Camera is ready
2026-10-01 22:58:25,967 INFO Left Camera is ready
2026-10-01 22:58:25,974 INFO Center Camera is ready
2026-10-01 22:58:25,974 INFO Attempting to launch Chrome
2026-10-01 22:58:25,979 INFO Chrome launched successfully
2026-10-01 22:58:25,979 INFO Deferring Zoom meeting launch until after vMix connects
2026-10-01 22:58:25,980 INFO Attempting to launch Vmix
2026-10-01 22:58:26,083 INFO Vmix launched successfully
2026-10-01 22:58:29,084 INFO Opening configured Zoom meeting
2026-10-01 22:58:59,128 ERROR Zoom meeting window 'Mount Pisgah | Sabbath Service' did not appear before timeout
2026-10-01 22:58:59,128 ERROR Zoom meeting did not open successfully
2026-10-01 22:58:59,153 INFO vMix API is ready
2026-10-01 22:58:59,179 INFO Requesting vMix Zoom connection for input 11
2026-10-01 22:58:59,282 INFO vMix accepted ZoomJoinMeeting request
2026-10-01 22:58:59,282 INFO Waiting for Zoom livestream permission request
2026-10-01 22:58:59,284 INFO Zoom livestream permission window detected
2026-10-01 22:58:59,399 INFO Clicked Zoom Grant permission
2026-10-01 22:58:59,900 INFO Zoom livestream permission was granted
2026-10-01 22:58:59,900 INFO vMix Zoom permission workflow completed
2026-10-01 22:58:59,901 INFO vMix Zoom connection workflow completed
2026-10-01 22:59:08,099 INFO vMix streaming started
2026-10-01 22:59:08,099 INFO vMix streaming workflow completed
